// Jest Snapshot v1, https://goo.gl/fbAQLP

exports[`Component: Drinks should match its empty snapshot 1`] = `<div />`;

exports[`Component: Drinks should match its snapshot with drinks 1`] = `
<div>
  <div>
    <h4
      style={
        Object {
          "display": "inline-block",
        }
      }
    >
      Coca
    </h4>
    <input
      checked={undefined}
      id={100}
      onChange={[Function]}
      style={
        Object {
          "display": "inline-block",
        }
      }
      type="checkbox"
    />
  </div>
  <div>
    <h4
      style={
        Object {
          "display": "inline-block",
        }
      }
    >
      Coca Light
    </h4>
    <input
      checked={undefined}
      id={101}
      onChange={[Function]}
      style={
        Object {
          "display": "inline-block",
        }
      }
      type="checkbox"
    />
  </div>
  <div>
    <h4
      style={
        Object {
          "display": "inline-block",
        }
      }
    >
      Coca Zéro
    </h4>
    <input
      checked={undefined}
      id={102}
      onChange={[Function]}
      style={
        Object {
          "display": "inline-block",
        }
      }
      type="checkbox"
    />
  </div>
  <div>
    <h4
      style={
        Object {
          "display": "inline-block",
        }
      }
    >
      Orangina
    </h4>
    <input
      checked={undefined}
      id={103}
      onChange={[Function]}
      style={
        Object {
          "display": "inline-block",
        }
      }
      type="checkbox"
    />
  </div>
  <div>
    <h4
      style={
        Object {
          "display": "inline-block",
        }
      }
    >
      Shweppes
    </h4>
    <input
      checked={undefined}
      id={104}
      onChange={[Function]}
      style={
        Object {
          "display": "inline-block",
        }
      }
      type="checkbox"
    />
  </div>
  <div>
    <h4
      style={
        Object {
          "display": "inline-block",
        }
      }
    >
      Seven up
    </h4>
    <input
      checked={undefined}
      id={105}
      onChange={[Function]}
      style={
        Object {
          "display": "inline-block",
        }
      }
      type="checkbox"
    />
  </div>
  <div>
    <h4
      style={
        Object {
          "display": "inline-block",
        }
      }
    >
      Ice Tea
    </h4>
    <input
      checked={undefined}
      id={106}
      onChange={[Function]}
      style={
        Object {
          "display": "inline-block",
        }
      }
      type="checkbox"
    />
  </div>
  <div>
    <h4
      style={
        Object {
          "display": "inline-block",
        }
      }
    >
      Perrier 33cl
    </h4>
    <input
      checked={undefined}
      id={107}
      onChange={[Function]}
      style={
        Object {
          "display": "inline-block",
        }
      }
      type="checkbox"
    />
  </div>
  <div>
    <h4
      style={
        Object {
          "display": "inline-block",
        }
      }
    >
      Badoit 33cl
    </h4>
    <input
      checked={undefined}
      id={108}
      onChange={[Function]}
      style={
        Object {
          "display": "inline-block",
        }
      }
      type="checkbox"
    />
  </div>
  <div>
    <h4
      style={
        Object {
          "display": "inline-block",
        }
      }
    >
      Jus de Tomate
    </h4>
    <input
      checked={undefined}
      id={109}
      onChange={[Function]}
      style={
        Object {
          "display": "inline-block",
        }
      }
      type="checkbox"
    />
  </div>
  <div>
    <h4
      style={
        Object {
          "display": "inline-block",
        }
      }
    >
      Jus Pago
    </h4>
    <input
      checked={undefined}
      id={110}
      onChange={[Function]}
      style={
        Object {
          "display": "inline-block",
        }
      }
      type="checkbox"
    />
  </div>
  <div>
    <h4
      style={
        Object {
          "display": "inline-block",
        }
      }
    >
      Kingfisher bière indienne
    </h4>
    <input
      checked={undefined}
      id={111}
      onChange={[Function]}
      style={
        Object {
          "display": "inline-block",
        }
      }
      type="checkbox"
    />
  </div>
  <div>
    <h4
      style={
        Object {
          "display": "inline-block",
        }
      }
    >
      Duvel
    </h4>
    <input
      checked={undefined}
      id={112}
      onChange={[Function]}
      style={
        Object {
          "display": "inline-block",
        }
      }
      type="checkbox"
    />
  </div>
  <div>
    <h4
      style={
        Object {
          "display": "inline-block",
        }
      }
    >
      Leffre Brune
    </h4>
    <input
      checked={undefined}
      id={113}
      onChange={[Function]}
      style={
        Object {
          "display": "inline-block",
        }
      }
      type="checkbox"
    />
  </div>
  <div>
    <h4
      style={
        Object {
          "display": "inline-block",
        }
      }
    >
      Pelforth brune
    </h4>
    <input
      checked={undefined}
      id={114}
      onChange={[Function]}
      style={
        Object {
          "display": "inline-block",
        }
      }
      type="checkbox"
    />
  </div>
</div>
`;
